---
source: crates/ptx_backend/tests/llvm_to_ptx_extra.rs
expression: "run_test(\"phi_basic.ll\")"
---
// Function: main
.version 7.0
.target sm_75
.address_size 64

.entry main {
.reg .s32 %out, %x, %y;

merge:
    // phi node %val <- [%1, a], [%2, b]
    ret;
}
